
> Configure project :app
WARNING: The option setting 'android.builtInKotlin=false' is deprecated.
The current default is 'true'.
It will be removed in version 10.0 of the Android Gradle plugin.
WARNING: The option setting 'android.newDsl=false' is deprecated.
The current default is 'true'.
It will be removed in version 10.0 of the Android Gradle plugin.

> Task :app:preBuild UP-TO-DATE
> Task :app:preFdroidDebugBuild UP-TO-DATE
> Task :app:mergeFdroidDebugNativeDebugMetadata NO-SOURCE
> Task :app:checkKotlinGradlePluginConfigurationErrors SKIPPED
> Task :app:dataBindingMergeDependencyArtifactsFdroidDebug UP-TO-DATE
> Task :app:generateFdroidDebugResources UP-TO-DATE
> Task :app:processFdroidDebugGoogleServices SKIPPED
> Task :app:mergeFdroidDebugResources UP-TO-DATE
> Task :app:dataBindingGenBaseClassesFdroidDebug UP-TO-DATE
> Task :app:generateFdroidDebugBuildConfig UP-TO-DATE
> Task :app:packageFdroidDebugResources UP-TO-DATE
> Task :app:processFdroidDebugNavigationResources UP-TO-DATE
> Task :app:parseFdroidDebugLocalResources UP-TO-DATE
> Task :app:generateFdroidDebugRFile UP-TO-DATE
> Task :app:kspFdroidDebugKotlin UP-TO-DATE
> Task :app:compileFdroidDebugKotlin UP-TO-DATE
> Task :app:javaPreCompileFdroidDebug UP-TO-DATE
> Task :app:compileFdroidDebugJavaWithJavac UP-TO-DATE
> Task :app:generateFdroidDebugAssets UP-TO-DATE
> Task :app:mergeFdroidDebugAssets UP-TO-DATE
> Task :app:compressFdroidDebugAssets UP-TO-DATE
> Task :app:checkFdroidDebugDuplicateClasses UP-TO-DATE
> Task :app:desugarFdroidDebugFileDependencies UP-TO-DATE
> Task :app:mergeExtDexFdroidDebug UP-TO-DATE
> Task :app:checkFdroidDebugAarMetadata UP-TO-DATE
> Task :app:compileFdroidDebugNavigationResources UP-TO-DATE
> Task :app:mapFdroidDebugSourceSetPaths UP-TO-DATE
> Task :app:createFdroidDebugCompatibleScreenManifests UP-TO-DATE
> Task :app:extractDeepLinksFdroidDebug UP-TO-DATE
> Task :app:processFdroidDebugMainManifest UP-TO-DATE
> Task :app:processFdroidDebugManifest UP-TO-DATE
> Task :app:processFdroidDebugManifestForPackage UP-TO-DATE
> Task :app:processFdroidDebugResources UP-TO-DATE
> Task :app:dexBuilderFdroidDebug UP-TO-DATE
> Task :app:mergeFdroidDebugGlobalSynthetics UP-TO-DATE
> Task :app:processFdroidDebugJavaRes UP-TO-DATE
> Task :app:mergeFdroidDebugJavaResource UP-TO-DATE
> Task :app:mergeLibDexFdroidDebug UP-TO-DATE
> Task :app:mergeProjectDexFdroidDebug UP-TO-DATE
> Task :app:mergeFdroidDebugJniLibFolders UP-TO-DATE
> Task :app:mergeFdroidDebugNativeLibs UP-TO-DATE
> Task :app:stripFdroidDebugDebugSymbols UP-TO-DATE
> Task :app:validateSigningFdroidDebug UP-TO-DATE
> Task :app:writeFdroidDebugAppMetadata UP-TO-DATE
> Task :app:writeFdroidDebugSigningConfigVersions UP-TO-DATE
> Task :app:packageFdroidDebug UP-TO-DATE
> Task :app:createFdroidDebugApkListingFileRedirect UP-TO-DATE
> Task :app:assembleFdroidDebug UP-TO-DATE

[Incubating] Problems report is available at: file:///home/vitowiratara/QuakeAlert-App-Android/build/reports/problems/problems-report.html

Deprecated Gradle features were used in this build, making it incompatible with Gradle 10.

You can use '--warning-mode all' to show the individual deprecation warnings and determine if they come from your own scripts or plugins.

For more on this, please refer to https://docs.gradle.org/9.2.1/userguide/command_line_interface.html#sec:command_line_warnings in the Gradle documentation.

BUILD SUCCESSFUL in 2s
41 actionable tasks: 41 up-to-date
Consider enabling configuration cache to speed up this build: https://docs.gradle.org/9.2.1/userguide/configuration_cache_enabling.html
